[www.fine-industries.com/index.html]
[backblue.gif]
[fade.gif]
[index.html]
[www.fine-industries.com/img/shortcut.png]
[www.fine-industries.com/css/bootstrap.min.css]
[www.fine-industries.com/css/style.css]
[www.fine-industries.com/css/animate.css]
[www.fine-industries.com/css/animated-slider.css]
[stackpath.bootstrapcdn.com/font-awesome/4.7.0/css/font-awesome.min.css]
[www.fine-industries.com/img/wtsp.png]
[www.fine-industries.com/img/top-logo.svg]
[www.fine-industries.com/img/email.svg]
[www.fine-industries.com/cdn-cgi/l/email-protection.html]
[www.fine-industries.com/img/smartphone.svg]
[www.fine-industries.com/about.html]
[www.fine-industries.com/our-team.html]
[www.fine-industries.com/ms-flange.html]
[www.fine-industries.com/carbon-steel-flanges.html]
[www.fine-industries.com/mild-steel-flanges.html]
[www.fine-industries.com/stainless-steel-flanges.html]
[www.fine-industries.com/forged-flanges.html]
[www.fine-industries.com/weldneck.html]
[www.fine-industries.com/pipe-fitting.html]
[www.fine-industries.com/socket-weld-fittings.html]
[www.fine-industries.com/threaded-elbow-fittings.html]
[www.fine-industries.com/concentric-reducer.html]
[www.fine-industries.com/barrel-nipple-connector.html]
[www.fine-industries.com/hose-nipple-stainless-steel.html]
[www.fine-industries.com/stainless-steel-connectors.html]
[www.fine-industries.com/valve.html]
[www.fine-industries.com/profile-cutting.html]
[www.fine-industries.com/ms-plate.html]
[www.fine-industries.com/ss-plate.html]
[www.fine-industries.com/pipe-erw.html]
[www.fine-industries.com/pipe-seamless.html]
[www.fine-industries.com/round-bar.html]
[www.fine-industries.com/fastners.html]
[www.fine-industries.com/steel-angles.html]
[www.fine-industries.com/steel-channel.html]
[www.fine-industries.com/steel-beam.html]
[www.fine-industries.com/gallery.html]
[www.fine-industries.com/certificates.html]
[www.fine-industries.com/img/brochure.pdf]
[www.fine-industries.com/client.html]
[www.fine-industries.com/contact.html]
[www.fine-industries.com/img/steel-pipe-fittings.jpg]
[www.fine-industries.com/img/stainless-steel-flanges.jpg]
[www.fine-industries.com/img/stainless-steel-valves.jpg]
[www.fine-industries.com/img/stainless-steel-fasteners.jpg]
[www.fine-industries.com/img/brochure.jpg]
[www.fine-industries.com/img/shadow.png]
[www.fine-industries.com/img/image2.jpg]
[www.fine-industries.com/img/pipe-fittings.jpg]
[www.fine-industries.com/img/fastener-valve.jpg]
[www.fine-industries.com/img/profile-cuttings.jpg]
[www.fine-industries.com/img/mild-steel-plate.jpg]
[www.fine-industries.com/img/stainless-steel-pipe.jpg]
[www.fine-industries.com/img/image1.jpg]
[www.fine-industries.com/img/structural-steel.jpg]
[www.fine-industries.com/img/hm-using/stainless-steel-industry.jpg]
[www.fine-industries.com/img/hm-using/stainless-steel-company.jpg]
[www.fine-industries.com/img/hm-using/stainless-steel-factory.jpg]
[www.fine-industries.com/img/hm-using/stainless-steel-organization.jpg]
[www.fine-industries.com/img/hm-using/stainless-steel-mumbai.jpg]
[www.fine-industries.com/img/hm-using/stainless-steel-fittings.jpg]
[www.fine-industries.com/img/hm-using/stainless-steel-companies.jpg]
[www.fine-industries.com/img/hm-using/stainless-steel.jpg]
[www.fine-industries.com/img/hm-using/stainless-steel-industries.jpg]
[www.fine-industries.com/img/hm-using/stainless-steel-ind.jpg]
[www.fine-industries.com/img/hm-using/stainless-steel-products.jpg]
[www.fine-industries.com/img/hm-using/stainless-steel-product.jpg]
[www.fine-industries.com/img/hm-using/stainless-steel-pipe.jpg]
[www.fine-industries.com/img/make-in-india.png]
[www.fine-industries.com/cdn-cgi/scripts/5c5dd728/cloudflare-static/email-decode.min.js]
[www.fine-industries.com/js/bootstrap.min.js]
[ajax.googleapis.com/ajax/libs/jquery/1.12.4/jquery.min.js]
[www.fine-industries.com/js/menu.js]
[www.fine-industries.com/js/animated-slider.js]
[www.fine-industries.com/index.html]
[cdnjs.cloudflare.com/ajax/libs/slick-carousel/1.6.0/slick.js]
[www.fine-industries.com/fonts/glyphicons-halflings-regular.eot]
[www.fine-industries.com/fonts/glyphicons-halflings-regulard41d.eot]
[www.fine-industries.com/fonts/glyphicons-halflings-regular.woff2]
[www.fine-industries.com/fonts/glyphicons-halflings-regular.woff]
[www.fine-industries.com/fonts/glyphicons-halflings-regular.ttf]
[www.fine-industries.com/css/bootstrap.min.css]
[www.fine-industries.com/fonts/glyphicons-halflings-regular.svg]
[www.rajendrafittings.com/images/background.png]
[www.fine-industries.com/img/zoom.png]
[www.fine-industries.com/img/foot_deco.png]
[fine-industries.com/img/counter_bg.jpg]
[www.fine-industries.com/img/banner_inner_page.jpg]
[www.fine-industries.com/css/style.css]
[www.fine-industries.com/css/animate.css]
[www.fine-industries.com/fonts/script-mt-bold.TTF]
[www.fine-industries.com/css/animated-slider.css]
[stackpath.bootstrapcdn.com/font-awesome/4.7.0/css/font-awesome.min.css]
[www.fine-industries.com/img/top-logo.svg]
[www.fine-industries.com/img/email.svg]
[www.fine-industries.com/cdn-cgi/l/email-protection.html]
[www.fine-industries.com/img/smartphone.svg]
[www.fine-industries.com/img/about.jpg]
[www.fine-industries.com/about.html]
[www.fine-industries.com/our-team.html]
[www.fine-industries.com/img/msflanges3.jpg]
[www.fine-industries.com/ms-flange.html]
[www.fine-industries.com/img/c_s_flanges.jpg]
[www.fine-industries.com/carbon-steel-flanges.html]
[www.fine-industries.com/mild-steel-flanges.html]
[www.fine-industries.com/img/ss-flanges.jpg]
[www.fine-industries.com/stainless-steel-flanges.html]
[www.fine-industries.com/img/forged-flanges.jpg]
[www.fine-industries.com/forged-flanges.html]
[www.fine-industries.com/img/weldneck.jpg]
[www.fine-industries.com/weldneck.html]
[www.fine-industries.com/img/pipe-fitting.jpg]
[www.fine-industries.com/img/ms-round-pipes.jpg]
[www.fine-industries.com/img/ms-square-pipes.jpg]
[www.fine-industries.com/img/ss-round-pipes.jpg]
[www.fine-industries.com/img/ss-squre-pipes.jpg]
[www.fine-industries.com/pipe-fitting.html]
[www.fine-industries.com/socket-weld-fittings.html]
[www.fine-industries.com/threaded-elbow-fittings.html]
[www.fine-industries.com/concentric-reducer.html]
[www.fine-industries.com/barrel-nipple-connector.html]
[www.fine-industries.com/hose-nipple-stainless-steel.html]
[www.fine-industries.com/stainless-steel-connectors.html]
[www.fine-industries.com/index-2.html]
[www.fine-industries.com/img/valve.jpg]
[www.fine-industries.com/valve.html]
[www.fine-industries.com/img/profile-cutting.jpg]
[www.fine-industries.com/profile-cutting.html]
[www.fine-industries.com/img/ms-plate.jpg]
[www.fine-industries.com/ms-plate.html]
[www.fine-industries.com/img/ss-plates.jpg]
[www.fine-industries.com/ss-plate.html]
[www.fine-industries.com/img/pipe-erw.png]
[www.fine-industries.com/pipe-erw.html]
[www.fine-industries.com/img/seamless-pipe.jpg]
[www.fine-industries.com/pipe-seamless.html]
[www.fine-industries.com/img/round-bar.jpg]
[www.fine-industries.com/round-bar.html]
[www.fine-industries.com/img/fastners.jpg]
[www.fine-industries.com/fastners.html]
[www.fine-industries.com/img/steel-angles.jpg]
[www.fine-industries.com/steel-angles.html]
[www.fine-industries.com/img/steel-channel.jpg]
[www.fine-industries.com/steel-channel.html]
[www.fine-industries.com/img/steel-beam.jpg]
[www.fine-industries.com/steel-beam.html]
[www.fine-industries.com/css/lightgallery.css]
[www.fine-industries.com/css/lightgallery2.css]
[www.fine-industries.com/img/gal-CS-1.jpg]
[www.fine-industries.com/img/gal-MS-1.jpg]
[www.fine-industries.com/img/gal-SS-1.jpg]
[www.fine-industries.com/img/gal-forged-1.jpg]
[www.fine-industries.com/img/gal-weldneck-1.jpg]
[www.fine-industries.com/img/image3.jpg]
[www.fine-industries.com/img/image4=1.jpg]
[www.fine-industries.com/img/image5=1.jpg]
[www.fine-industries.com/img/image6=1.jpg]
[www.fine-industries.com/img/gal-ss-plates-1.jpg]
[www.fine-industries.com/img/gal-pipe-erw-1.jpg]
[www.fine-industries.com/img/gal-seamless-pipe-1.jpg]
[www.fine-industries.com/img/gal-round-bar-1.jpg]
[www.fine-industries.com/img/gal-steel-channel-1.jpg]
[www.fine-industries.com/gallery.html]
[www.fine-industries.com/js/lightgallery-all.js]
[www.fine-industries.com/certificate/certificates1.jpg]
[www.fine-industries.com/certificate/certificates2-1.jpg]
[www.fine-industries.com/certificate/certificates7-1.jpg]
[www.fine-industries.com/certificate/certificates8-1.jpg]
[www.fine-industries.com/certificate/certificates9-1.jpg]
[www.fine-industries.com/certificate/certificates10-1.jpg]
[www.fine-industries.com/certificate/certificates11-1.jpg]
[www.fine-industries.com/certificate/certificates12-1.jpg]
[www.fine-industries.com/certificate/certificates13-1.jpg]
[www.fine-industries.com/certificate/certificates14-1.jpg]
[www.fine-industries.com/certificates.html]
[www.fine-industries.com/client/client1.png]
[www.fine-industries.com/client/client2.png]
[www.fine-industries.com/client/client3.png]
[www.fine-industries.com/client/client4.png]
[www.fine-industries.com/client/client5.png]
[www.fine-industries.com/client/client6.png]
[www.fine-industries.com/client/client7.png]
[www.fine-industries.com/client/client8.png]
[www.fine-industries.com/client/client9.png]
[www.fine-industries.com/client/client10.png]
[www.fine-industries.com/client/client12.png]
[www.fine-industries.com/client/client13.png]
[www.fine-industries.com/client/client14.png]
[www.fine-industries.com/client/client15.png]
[www.fine-industries.com/client/client16.png]
[www.fine-industries.com/client.html]
[www.fine-industries.com/contact.html]
[www.fine-industries.com/fonts/glyphicons-halflings-regular.svg]
[www.fine-industries.com/fonts/script-mt-bold.html]
[www.fine-industries.com/index-2.html]
[embedmaps.com/google-maps-authorization/script1e23.js]
[www.fine-industries.com/fonts/lgd641.eot]
[www.fine-industries.com/fonts/lgd41d.eot]
[www.fine-industries.com/fonts/lgd641.woff]
[www.fine-industries.com/fonts/lgd641.ttf]
[www.fine-industries.com/fonts/lgd641.svg]
[www.fine-industries.com/img/vimeo-play.png]
[www.fine-industries.com/img/video-play.png]
[www.fine-industries.com/img/youtube-play.png]
[www.fine-industries.com/img/loading.gif]
[www.fine-industries.com/css/lightgallery.css]
[www.fine-industries.com/css/lightgallery2.css]
[www.fine-industries.com/certificate/ISO_certificate.PNG]
[www.fine-industries.com/img/gal-steel-angles-1.jpg]
[www.fine-industries.com/certificate/certificates4-1.jpg]
[www.fine-industries.com/certificate/certificates5.jpg]
[www.fine-industries.com/certificate/certificates6.jpg]
[www.fine-industries.com/fonts/lgd641.svg]
[www.fine-industries.com/img/vimeo-play.html]
[www.fine-industries.com/img/video-play.html]
[www.fine-industries.com/img/youtube-play.html]
[www.fine-industries.com/img/loading.html]
